---
source: crates/mokoto/tests/parser.rs
expression: output
---
A -> C -> B

---
FUNC_TYPE@0..11
  FUNC_ARG@0..2
    PATH_TYPE@0..2
      PATH@0..2
        IDENT@0..1 "A"
        SPACE@1..2 " "
  ARROW@2..4 "->"
  SPACE@4..5 " "
  FUNC_RESULT@5..11
    FUNC_TYPE@5..11
      FUNC_ARG@5..7
        PATH_TYPE@5..7
          PATH@5..7
            IDENT@5..6 "C"
            SPACE@6..7 " "
      ARROW@7..9 "->"
      SPACE@9..10 " "
      FUNC_RESULT@10..11
        PATH_TYPE@10..11
          PATH@10..11
            IDENT@10..11 "B"
