---
source: crates/mokoto/tests/parser.rs
expression: output
---
A -> B

---
FUNC_TYPE@0..6
  FUNC_ARG@0..2
    PATH_TYPE@0..2
      PATH@0..2
        IDENT@0..1 "A"
        SPACE@1..2 " "
  ARROW@2..4 "->"
  SPACE@4..5 " "
  FUNC_RESULT@5..6
    PATH_TYPE@5..6
      PATH@5..6
        IDENT@5..6 "B"
