---
source: crates/mokoto/tests/parser.rs
expression: output
---
shared query A -> B

---
FUNC_TYPE@0..19
  FUNC_ARG@0..15
    FUNC_SORT@0..13
      SHARED_KW@0..6 "shared"
      SPACE@6..7 " "
      QUERY_KW@7..12 "query"
      SPACE@12..13 " "
    PATH_TYPE@13..15
      PATH@13..15
        IDENT@13..14 "A"
        SPACE@14..15 " "
  ARROW@15..17 "->"
  SPACE@17..18 " "
  FUNC_RESULT@18..19
    PATH_TYPE@18..19
      PATH@18..19
        IDENT@18..19 "B"
