---
source: crates/mokoto/tests/types.rs
expression: output
---
query A -> B

---
FUNC_TYPE@0..12
  FUNC_ARG@0..8
    FUNC_SORT@0..6
      QUERY_KW@0..5 "query"
      SPACE@5..6 " "
    PATH_TYPE@6..8
      PATH@6..8
        IDENT@6..7 "A"
        SPACE@7..8 " "
  ARROW@8..10 "->"
  SPACE@10..11 " "
  FUNC_RESULT@11..12
    PATH_TYPE@11..12
      PATH@11..12
        IDENT@11..12 "B"
