---
source: crates/mokoto/tests/types.rs
expression: output
---
<K <: Int, V> A -> B

---
FUNC_TYPE@0..20
  FUNC_ARG@0..16
    TYPE_PARAMS@0..14
      L_ANGLE@0..1 "<"
      TYPE_BIND@1..9
        IDENT@1..2 "K"
        SPACE@2..3 " "
        SUB@3..5 "<:"
        SPACE@5..6 " "
        PATH_TYPE@6..9
          PATH@6..9
            IDENT@6..9 "Int"
      COMMA@9..10 ","
      SPACE@10..11 " "
      TYPE_BIND@11..12
        IDENT@11..12 "V"
      R_ANGLE@12..13 ">"
      SPACE@13..14 " "
    PATH_TYPE@14..16
      PATH@14..16
        IDENT@14..15 "A"
        SPACE@15..16 " "
  ARROW@16..18 "->"
  SPACE@18..19 " "
  FUNC_RESULT@19..20
    PATH_TYPE@19..20
      PATH@19..20
        IDENT@19..20 "B"
