---
source: crates/mokoto/tests/types.rs
expression: output
---
{ y<A>List<A> : Text }

---
OBJECT_TYPE@0..22
  L_BRACE@0..1 "{"
  SPACE@1..2 " "
  TYPE_FIELD_FUNC@2..21
    IDENT@2..3 "y"
    TYPE_PARAMS@3..6
      L_ANGLE@3..4 "<"
      TYPE_BIND@4..5
        IDENT@4..5 "A"
      R_ANGLE@5..6 ">"
    PATH_TYPE@6..14
      PATH@6..10
        IDENT@6..10 "List"
      TYPE_ARGS@10..14
        L_ANGLE@10..11 "<"
        PATH_TYPE@11..12
          PATH@11..12
            IDENT@11..12 "A"
        R_ANGLE@12..13 ">"
        SPACE@13..14 " "
    COLON@14..15 ":"
    SPACE@15..16 " "
    PATH_TYPE@16..21
      PATH@16..21
        IDENT@16..20 "Text"
        SPACE@20..21 " "
  R_BRACE@21..22 "}"
