---
source: crates/mokoto/tests/types.rs
expression: output
---
object { x : Text }

---
OBJECT_TYPE@0..19
  OBJECT_SORT@0..7
    OBJECT_KW@0..6 "object"
    SPACE@6..7 " "
  L_BRACE@7..8 "{"
  SPACE@8..9 " "
  TYPE_FIELD@9..18
    IDENT@9..10 "x"
    SPACE@10..11 " "
    COLON@11..12 ":"
    SPACE@12..13 " "
    PATH_TYPE@13..18
      PATH@13..18
        IDENT@13..17 "Text"
        SPACE@17..18 " "
  R_BRACE@18..19 "}"
