---
source: crates/mokoto/tests/types.rs
expression: output
---
(A, B) -> C

---
FUNC_TYPE@0..11
  FUNC_ARG@0..7
    TUPLE_TYPE@0..7
      L_PAREN@0..1 "("
      PATH_TYPE@1..2
        PATH@1..2
          IDENT@1..2 "A"
      COMMA@2..3 ","
      SPACE@3..4 " "
      PATH_TYPE@4..5
        PATH@4..5
          IDENT@4..5 "B"
      R_PAREN@5..6 ")"
      SPACE@6..7 " "
  ARROW@7..9 "->"
  SPACE@9..10 " "
  FUNC_RESULT@10..11
    PATH_TYPE@10..11
      PATH@10..11
        IDENT@10..11 "C"
